[www.robs-mvm.com/index.html]
[www.robs-mvm.com/contact.html]
[www.robs-mvm.com/order.html]
[www.robs-mvm.com/trackOrder.html]
[www.robs-mvm.com/project/1.html]
[www.robs-mvm.com/project/2.html]
[www.robs-mvm.com/project/3.html]
[www.robs-mvm.com/project/4.html]
[www.robs-mvm.com/project/5.html]
[www.robs-mvm.com/project/6.html]
[www.robs-mvm.com/about.html]
[backblue.gif]
[fade.gif]
[index.html]
[www.robs-mvm.com/assets/images/Robs_logo_white.png]
[www.robs-mvm.com/assets/css/bootstrap/bootstrap.css]
[www.robs-mvm.com/assets/style.css]
[www.robs-mvm.com/assets/css/font-awesome.min.css]
[use.fontawesome.com/releases/v5.15.2/css/all.css]
[cdnjs.cloudflare.com/ajax/libs/animate.css/4.1.1/animate.min.css]
[www.robs-mvm.com/assets/js/jquery.min.js]
[cdnjs.cloudflare.com/ajax/libs/ScrollMagic/2.0.5/ScrollMagic.min.js]
[cdnjs.cloudflare.com/ajax/libs/ScrollMagic/2.0.5/plugins/animation.gsap.min.js]
[cdnjs.cloudflare.com/ajax/libs/gsap/1.20.2/utils/Draggable.min.js]
[cdnjs.cloudflare.com/ajax/libs/three.js/r83/three.js]
[cdnjs.cloudflare.com/ajax/libs/jquery.imagesloaded/4.1.4/imagesloaded.pkgd.js]
[vjs.zencdn.net/7.10.2/video.min.js]
[www.robs-mvm.com/assets/js/clapatwebgl.js]
[www.robs-mvm.com/assets/js/plugins.js]
[www.robs-mvm.com/assets/js/scripts.js]
[www.robs-mvm.com/assets/js/main.js]
[www.google.com/recaptcha/apib091.js]
[www.robs-mvm.com/assets/images/Robs_logo_black.png]
[www.robs-mvm.com/assets/images/edits/01_dark.png]
[www.robs-mvm.com/assets/images/edits/02_dark.png]
[www.robs-mvm.com/assets/images/edits/03_dark.png]
[www.robs-mvm.com/assets/images/edits/04_dark_v2.png]
[www.robs-mvm.com/assets/images/edits/05_dark_v2.png]
[www.robs-mvm.com/assets/images/edits/06_dark_v2.png]
[www.robs-mvm.com/index.html]
[www.robs-mvm.com/contact.html]
[www.robs-mvm.com/order.html]
[www.robs-mvm.com/trackOrder.html]
[www.robs-mvm.com/assets/images/edits/01/01.png]
[www.robs-mvm.com/assets/images/edits/01/02.png]
[www.robs-mvm.com/assets/images/edits/01/03.png]
[www.robs-mvm.com/assets/images/edits/01/04.png]
[www.robs-mvm.com/assets/images/edits/01/05.png]
[www.robs-mvm.com/assets/images/edits/01-02/01.png]
[www.robs-mvm.com/assets/images/edits/01-02/02.png]
[www.robs-mvm.com/assets/images/edits/01-02/03.png]
[www.robs-mvm.com/assets/images/edits/01-02/04.png]
[www.robs-mvm.com/assets/images/edits/01-02/05.png]
[www.robs-mvm.com/assets/images/edits/01-03/01.png]
[www.robs-mvm.com/assets/images/edits/01-03/02.png]
[www.robs-mvm.com/assets/images/edits/01-03/03.png]
[www.robs-mvm.com/assets/images/edits/01-03/04.png]
[www.robs-mvm.com/assets/images/edits/01-03/05.png]
[www.robs-mvm.com/assets/images/edits/01-03/06.png]
[www.robs-mvm.com/assets/images/edits/01-04/01.png]
[www.robs-mvm.com/assets/images/edits/01-04/02.png]
[www.robs-mvm.com/assets/images/edits/01-04/03.png]
[www.robs-mvm.com/assets/images/edits/01-04/04.png]
[www.robs-mvm.com/assets/images/edits/01-04/05.png]
[www.robs-mvm.com/assets/images/edits/01-04/06.png]
[www.robs-mvm.com/assets/images/edits/01-05/01.png]
[www.robs-mvm.com/assets/images/edits/01-05/02.png]
[www.robs-mvm.com/assets/images/edits/01-05/03.png]
[www.robs-mvm.com/assets/images/edits/01-05/04.png]
[www.robs-mvm.com/project/1.html]
[www.robs-mvm.com/assets/images/edits/02/01.png]
[www.robs-mvm.com/assets/images/edits/02/02.png]
[www.robs-mvm.com/assets/images/edits/02/03.png]
[www.robs-mvm.com/assets/images/edits/02/04.png]
[www.robs-mvm.com/assets/images/edits/02/05.png]
[www.robs-mvm.com/assets/images/edits/02-02/01.png]
[www.robs-mvm.com/assets/images/edits/02-02/02.png]
[www.robs-mvm.com/assets/images/edits/02-02/03.png]
[www.robs-mvm.com/assets/images/edits/02-02/04.png]
[www.robs-mvm.com/assets/images/edits/02-03/01.png]
[www.robs-mvm.com/assets/images/edits/02-03/02.png]
[www.robs-mvm.com/assets/images/edits/02-03/03.png]
[www.robs-mvm.com/assets/images/edits/02-03/04.png]
[www.robs-mvm.com/assets/images/edits/02-03/05.png]
[www.robs-mvm.com/assets/images/edits/02-03/06.png]
[www.robs-mvm.com/assets/images/edits/02-04/01.png]
[www.robs-mvm.com/assets/images/edits/02-04/02.png]
[www.robs-mvm.com/assets/images/edits/02-04/03.png]
[www.robs-mvm.com/assets/images/edits/02-04/04.png]
[www.robs-mvm.com/assets/images/edits/02-04/05.png]
[www.robs-mvm.com/assets/images/edits/02-05/01.png]
[www.robs-mvm.com/assets/images/edits/02-05/02.png]
[www.robs-mvm.com/assets/images/edits/02-05/03.png]
[www.robs-mvm.com/assets/images/edits/02-05/04.png]
[www.robs-mvm.com/assets/images/edits/02-05/05.png]
[www.robs-mvm.com/assets/images/edits/02-05/06.png]
[www.robs-mvm.com/project/2.html]
[www.robs-mvm.com/assets/images/edits/03/01.png]
[www.robs-mvm.com/assets/images/edits/03/02.png]
[www.robs-mvm.com/assets/images/edits/03-02/01.png]
[www.robs-mvm.com/assets/images/edits/03-02/02.png]
[www.robs-mvm.com/assets/images/edits/03-02/03.png]
[www.robs-mvm.com/assets/images/edits/03-03/01.png]
[www.robs-mvm.com/assets/images/edits/03-03/02.png]
[www.robs-mvm.com/project/3.html]
[www.robs-mvm.com/assets/images/edits/04/01.png]
[www.robs-mvm.com/assets/images/edits/04/02.png]
[www.robs-mvm.com/assets/images/edits/04/03.png]
[www.robs-mvm.com/assets/images/edits/04/04.png]
[www.robs-mvm.com/assets/images/edits/04/05.png]
[www.robs-mvm.com/project/4.html]
[www.robs-mvm.com/assets/images/edits/05/01.png]
[www.robs-mvm.com/assets/images/edits/05/02.png]
[www.robs-mvm.com/assets/images/edits/05/03.png]
[www.robs-mvm.com/assets/images/edits/05/04.png]
[www.robs-mvm.com/assets/images/edits/05/05.png]
[www.robs-mvm.com/project/5.html]
[www.robs-mvm.com/assets/images/edits/06/01.png]
[www.robs-mvm.com/assets/images/edits/06/02.png]
[www.robs-mvm.com/assets/images/edits/06/03.png]
[www.robs-mvm.com/assets/images/edits/06/04.png]
[www.robs-mvm.com/project/6.html]
[www.robs-mvm.com/assets/images/clients/01.png]
[www.robs-mvm.com/assets/images/clients/02.png]
[www.robs-mvm.com/assets/images/clients/03.png]
[www.robs-mvm.com/assets/images/clients/04.png]
[www.robs-mvm.com/assets/images/clients/05.png]
[www.robs-mvm.com/assets/images/clients/06.png]
[www.robs-mvm.com/assets/images/clients/07.png]
[www.robs-mvm.com/assets/images/clients/08.png]
[www.robs-mvm.com/about.html]
[www.robs-mvm.com/assets/css/bootstrap/bootstrap.css]
[www.robs-mvm.com/assets/css/showcase.css]
[www.robs-mvm.com/assets/css/hero.css]
[www.robs-mvm.com/assets/css/portfolio.css]
[www.robs-mvm.com/assets/css/shortcodes.css]
[www.robs-mvm.com/assets/css/assets.css]
[www.robs-mvm.com/assets/fonts/4a24899e94d8236f671c1090cd9e068c.eot]
[www.robs-mvm.com/assets/fonts/4a24899e94d8236f671c1090cd9e068cd41d.eot]
[www.robs-mvm.com/assets/fonts/4a24899e94d8236f671c1090cd9e068c.woff]
[www.robs-mvm.com/assets/fonts/4a24899e94d8236f671c1090cd9e068c.ttf]
[www.robs-mvm.com/assets/images/rotate.png]
[www.robs-mvm.com/assets/style.css]
[www.robs-mvm.com/assets/fonts/fontawesome-webfont78ce.eot]
[www.robs-mvm.com/assets/fonts/fontawesome-webfontd41d.eot]
[www.robs-mvm.com/assets/fonts/fontawesome-webfont78ce.woff]
[www.robs-mvm.com/assets/fonts/fontawesome-webfont78ce.ttf]
[www.robs-mvm.com/assets/css/font-awesome.min.css]
[use.fontawesome.com/releases/v5.15.2/css/all.css]
[cdnjs.cloudflare.com/ajax/libs/animate.css/4.1.1/animate.min.css]
[www.robs-mvm.com/assets/css/showcase.css]
[www.robs-mvm.com/assets/css/hero.css]
[www.robs-mvm.com/assets/css/portfolio.css]
[www.robs-mvm.com/assets/css/shortcodes.css]
[www.robs-mvm.com/assets/css/assets.css]
[www.robs-mvm.com/assets/fonts/4a24899e94d8236f671c1090cd9e068c.html]
[www.robs-mvm.com/assets/fonts/4a24899e94d8236f671c1090cd9e068c.svg]
[www.robs-mvm.com/assets/fonts/fontawesome-webfont78ce.svg]
[www.robs-mvm.com/assets/css/owl.video.play.html]
[www.robs-mvm.com/assets/fonts/acute.html]
